
== a tool with no account_env passes the name through
chosen: "ada1"
chooser asked: 0
secret store calls:
(none)

== own mode, no account named
chosen: ""
chooser asked: 0
secret store calls:
(none)

== own mode, an account named
chosen: "BOB1"
chooser asked: 0
secret store calls:
(none)

== extension mode, no account named
chosen: "CAT1"
chooser asked: 1
secret store calls:
(none)

== extension mode, an account named
chosen: "BOB1"
chooser asked: 0
secret store calls:
(none)

== extension mode, the chooser refuses
chosen: ""
error: choosing an account: nothing to choose
chooser asked: 1
secret store calls:
(none)

== extension mode, a build that supplies no chooser
chosen: ""
error: no extension in this build chooses accounts; set launch accounts to own login in settings
chooser asked: 0
secret store calls:
(none)

== extension mode with no chooser, an account named
chosen: "BOB1"
chooser asked: 0
secret store calls:
(none)

== own mode with no chooser, no account named
chosen: ""
chooser asked: 0
secret store calls:
(none)

== accounts listed for claude
["ADA1" "BOB1" "CAT1"]
secret store calls:
secrets list

== settings left in the store
account_routing = own
name_source_backfill = 1
