=== absent
y  "yes" -> "yes"
c  "continue" -> "continue"
e  "explain like I'm 5" -> "I'm confused, explain like I'm 5"
w  "wake up" -> "Auto wake-up: the previous turn died on a transient API error. Continue where you left off."
§  "progress" -> "summarise all current progress in bullet points, including every PR link and its status, and what the next steps are — or, if all the work here is finished, say so"
--- snippets.json as written
[
  {
    "key": "y",
    "label": "yes",
    "chord": "alt+shift+y",
    "text": "yes",
    "autoSubmit": true
  },
  {
    "key": "c",
    "label": "continue",
    "chord": "alt+shift+c",
    "text": "continue",
    "autoSubmit": true
  },
  {
    "key": "e",
    "label": "explain like I'm 5",
    "chord": "alt+shift+e",
    "text": "I'm confused, explain like I'm 5",
    "autoSubmit": true
  },
  {
    "key": "w",
    "label": "wake up",
    "chord": "alt+shift+w",
    "text": "Auto wake-up: the previous turn died on a transient API error. Continue where you left off.",
    "autoSubmit": true
  },
  {
    "key": "§",
    "label": "progress",
    "text": "summarise all current progress in bullet points, including every PR link and its status, and what the next steps are — or, if all the work here is finished, say so",
    "autoSubmit": true
  }
]

=== edited
c  "continue" -> "continue"
r  "review the diff for correctness" -> "review the diff for correctness"
§  "progress" -> "summarise where this stands"
problem: entry 3 (duplicate): repeats c, already bound by entry 1
problem: entry 4 (too long): key “ab” must be a single letter a-z, § or ±
problem: entry 5 (empty): sends nothing

