36 commands and verbs

$ gate-inbox sessions -h
exit 0
--- stdout
usage: gate-inbox sessions [--parent <id|me>] [--status <state>] [--include-archived] [--limit <n>] [--json]
  -include-archived
    	also list rows archived out of the active list, which on an old board are most of them
  -json
    	print the raw result as JSON instead of a sentence
  -limit int
    	how many rows to print, at most 500; the last line says what was left out (default 50)
  -parent string
    	keep only the sessions one spawned; "me" is this session's own children
  -status value
    	state to keep, repeatable or comma separated: starting, working, waiting, finished, idle, errored or dead

$ gate-inbox spawn -h
exit 0
--- stdout
usage: gate-inbox spawn [--name <name>] [--prompt <text>] [--tool <cli>] [--model <model>] [--group <path>] [--directory <path>] [--nest] [--json]
  -account string
    	named subscription it runs on, read from Secret Manager at launch; omit for the board's default account
  -directory string
    	existing directory it works in; defaults to yours, or to the group's inherited path
  -group string
    	existing group path for a detached (--nest=false) session; a nested one is always in yours
  -json
    	print the raw result as JSON instead of a sentence
  -model string
    	model that CLI should run on, in its own names; omit for the CLI's default
  -name string
    	kebab-case name naming the work it will do; the new agent names itself when this is empty
  -nest
    	file it under this session, where its questions and rests reach you; --nest=false detaches it, for work that is not yours (default true)
  -prompt string
    	first task to hand it, written as a full instruction, since it cannot see your conversation
  -tool string
    	agent CLI to run; defaults to the CLI this session runs

$ gate-inbox send -h
exit 0
--- stdout
usage: gate-inbox send <session-id> "<message>" [--subject <label>] [--interrupt] [--as-human] [--json]
  -as-human
    	deliver as your own words rather than fenced as a message from another agent; for a person at a terminal, and refused from an agent's shell
  -interrupt
    	stop the session's running turn first so this is its next turn; refused for a CLI with no interrupt_keys, and never sent over a dialog
  -json
    	print the raw result as JSON instead of a sentence
  -subject string
    	label for what this message is about; your next message to the same session under the same label replaces this one while it is still unread

$ gate-inbox read -h
exit 0
--- stdout
usage: gate-inbox read <session-id> [--since <cursor>] [--json]
  -json
    	print the raw result as JSON instead of a sentence
  -since string
    	cursor from a previous read of this session; returns only what it has added since, instead of the whole pane

$ gate-inbox send-children -h
exit 0
--- stdout
usage: gate-inbox send-children "<message>" [--json]
  -json
    	print the raw result as JSON instead of a sentence

$ gate-inbox place -h
exit 0
--- stdout
usage: gate-inbox place <session-id> [--release] [--json]
  -json
    	print the raw result as JSON instead of a sentence
  -release
    	take one of this session's own children back out to the top level

$ gate-inbox answer -h
exit 0
--- stdout
usage: gate-inbox answer <session-id> "<answer>" [--json]
  -json
    	print the raw result as JSON instead of a sentence

$ gate-inbox wait -h
exit 0
--- stdout
usage: gate-inbox wait [<session-id>...] [--children] [--until <state>] [--timeout <duration>] [--json]
  -children
    	park on every session you spawned instead of naming ids; the first to arrive ends the wait and the result carries the whole set
  -json
    	print the raw result as JSON instead of a sentence
  -timeout duration
    	how long to wait before giving up, default 50s, maximum 2m0s
  -until value
    	state that ends the wait, repeatable or comma separated; defaults to every state meaning the session stopped working

$ gate-inbox message-status -h
exit 0
--- stdout
usage: gate-inbox message-status <message-id> [--json]
  -json
    	print the raw result as JSON instead of a sentence

$ gate-inbox kill -h
exit 0
--- stdout
usage: gate-inbox kill <session-id> [--json]
  -json
    	print the raw result as JSON instead of a sentence

$ gate-inbox revive -h
exit 0
--- stdout
usage: gate-inbox revive <session-id> [--json]
  -json
    	print the raw result as JSON instead of a sentence

$ gate-inbox migrate -h
exit 0
--- stdout
usage: gate-inbox migrate <session-id> --tool <cli> [--name <name>] [--json]
  -account string
    	named subscription the new session runs on; defaults to the source's own, then the board's default
  -json
    	print the raw result as JSON instead of a sentence
  -name string
    	name for the new session; defaults to the source's name with the tool appended
  -tool string
    	agent CLI the conversation moves to

$ gate-inbox archive -h
exit 0
--- stdout
usage: gate-inbox archive <session-id> [--restore] [--json]
  -json
    	print the raw result as JSON instead of a sentence
  -restore
    	put an archived session back on the active list

$ gate-inbox park -h
exit 0
--- stdout
usage: gate-inbox park [--dry-run] [--json]
  -dry-run
    	print what park would stop and leave, without stopping anything or recording the set
  -json
    	print the raw result as JSON instead of a sentence

$ gate-inbox unpark -h
exit 0
--- stdout
usage: gate-inbox unpark [--json]
  -json
    	print the raw result as JSON instead of a sentence

$ gate-inbox groups -h
exit 0
--- stdout
usage: gate-inbox groups [--json]
  -json
    	print the raw result as JSON instead of a sentence

$ gate-inbox create-group -h
exit 0
--- stdout
usage: gate-inbox create-group <path> [--directory <path>] [--json]
  -directory string
    	default working directory sessions created in this group inherit
  -json
    	print the raw result as JSON instead of a sentence

$ gate-inbox delete-group -h
exit 0
--- stdout
usage: gate-inbox delete-group <path> [--json]
  -json
    	print the raw result as JSON instead of a sentence

$ gate-inbox task -h
exit 0
--- stdout
  gate-inbox task list [--json]
      read the work list every session shares: what is pending, who holds what, and what is blocked
  gate-inbox task create <title> [--body <text>] [--depends-on <id,id>] [--json]
      put a piece of work on the shared list so any session can pick it up
  gate-inbox task claim [<task-id>] [--json]
      take a task before you start it; omit the id to take the oldest pending task nothing is blocking
  gate-inbox task finish <task-id> [--json]
      mark a task you claimed as done, which unblocks everything waiting on it
  gate-inbox task release <task-id> [--json]
      hand a task you claimed back to the list for another session
  gate-inbox task delete <task-id>
      remove a task nobody needs any more

$ gate-inbox task list -h
exit 0
--- stdout
usage: gate-inbox task list [--json]
  -json
    	print the raw result as JSON instead of a sentence

$ gate-inbox task create -h
exit 0
--- stdout
usage: gate-inbox task create <title> [--body <text>] [--depends-on <id,id>] [--json]
  -body string
    	full instruction for whoever claims it; it cannot see your conversation
  -depends-on value
    	ids of tasks that must be done first, repeatable or comma separated
  -json
    	print the raw result as JSON instead of a sentence

$ gate-inbox task claim -h
exit 0
--- stdout
usage: gate-inbox task claim [<task-id>] [--json]
  -json
    	print the raw result as JSON instead of a sentence

$ gate-inbox task finish -h
exit 0
--- stdout
usage: gate-inbox task finish <task-id> [--json]
  -json
    	print the raw result as JSON instead of a sentence

$ gate-inbox task release -h
exit 0
--- stdout
usage: gate-inbox task release <task-id> [--json]
  -json
    	print the raw result as JSON instead of a sentence

$ gate-inbox task delete -h
exit 0
--- stdout
usage: gate-inbox task delete <task-id>

$ gate-inbox reserve -h
exit 0
--- stdout
usage: gate-inbox reserve <path>... [--mode exclusive|shared] [--note <text>] [--ttl <duration>] [--json]
  -json
    	print the raw result as JSON instead of a sentence
  -mode string
    	exclusive (default) means nobody else should edit these paths; shared means others may too
  -note string
    	what you are doing there, so a conflicting agent knows what it is up against
  -ttl duration
    	how long the lease lasts before it lapses, default 30m0s, maximum 4h0m0s

$ gate-inbox release-files -h
exit 0
--- stdout
usage: gate-inbox release-files [<path>...] [--json]
  -json
    	print the raw result as JSON instead of a sentence

$ gate-inbox reservations -h
exit 0
--- stdout
usage: gate-inbox reservations [--json]
  -json
    	print the raw result as JSON instead of a sentence

$ gate-inbox terminal -h
exit 0
--- stdout
  gate-inbox terminal list [--json]
      find a running terminal to reuse before opening another one
  gate-inbox terminal create [--group <path>] [--directory <path>] [--nest=false] [--json]
      open a terminal for work the user should see, such as SSH into a host; it hangs under this session unless --nest=false
  gate-inbox terminal send <terminal-id> --command "<text>" | --keys <key,key> [--json]
      run a command there, or send exact tmux keys such as C-c to control what is running
  gate-inbox terminal read <terminal-id> [--json]
      read what that terminal's screen currently shows
  gate-inbox terminal close <terminal-id>
      close a terminal opened under this session once its job is done, killing the pane and deleting the row

$ gate-inbox terminal list -h
exit 0
--- stdout
usage: gate-inbox terminal list [--json]
  -json
    	print the raw result as JSON instead of a sentence

$ gate-inbox terminal create -h
exit 0
--- stdout
usage: gate-inbox terminal create [--group <path>] [--directory <path>] [--nest=false] [--json]
  -directory string
    	existing directory to open; defaults to yours, or to the group's inherited path
  -group string
    	existing group path to open it in; pass an empty string for the root group
  -json
    	print the raw result as JSON instead of a sentence
  -nest
    	hang the terminal under this session; pass --nest=false to leave it loose or to open it in another group (default true)

$ gate-inbox terminal send -h
exit 0
--- stdout
usage: gate-inbox terminal send <terminal-id> --command "<text>" | --keys <key,key> [--json]
  -command string
    	command text to paste and submit with Enter, which executes on the user's machine
  -json
    	print the raw result as JSON instead of a sentence
  -keys value
    	exact tmux key names to send in order, repeatable or comma separated, such as C-c or Up,Enter

$ gate-inbox terminal read -h
exit 0
--- stdout
usage: gate-inbox terminal read <terminal-id> [--json]
  -json
    	print the raw result as JSON instead of a sentence

$ gate-inbox terminal close -h
exit 0
--- stdout
usage: gate-inbox terminal close <terminal-id>

$ gate-inbox rename -h
exit 0
--- stdout
usage: gate-inbox rename "<name>"

$ gate-inbox priority -h
exit 0
--- stdout
usage: gate-inbox priority <urgent|high|medium|low|none>
